
> ebikas-place@1.0.0 dev
> next dev --hostname localhost --port 3010

   ▲ Next.js 15.5.19
   - Local:        http://localhost:3010
   - Network:      http://localhost:3010
   - Environments: .env.local

 ✓ Starting...
 ○ Compiling /instrumentation ...
 ✓ Compiled /instrumentation in 4.1s (24 modules)
 ✓ Ready in 18.5s
 ○ Compiling /middleware ...
 ✓ Compiled /middleware in 1291ms (215 modules)
 ○ Compiling / ...
 ✓ Compiled / in 7.2s (1424 modules)
Attention: Clerk collects telemetry data from its SDKs when connected to development instances.
The data collected is used to inform Clerk's product roadmap.
To learn more, including how to opt-out from the telemetry program, visit: https://clerk.com/docs/telemetry.

 GET / 200 in 19219ms
 GET / 200 in 5879ms
 GET / 200 in 5361ms
 ○ Compiling /products/[id] ...
 ✓ Compiled /products/[id] in 8.5s (1464 modules)
 GET /products/64f000000000000000000001 200 in 22840ms
 GET /products/64f000000000000000000001 200 in 1746ms
 GET / 200 in 4948ms
 ✓ Compiled in 14.3s (1478 modules)
 GET / 200 in 3056ms
 GET /products/64f000000000000000000001 200 in 3744ms
 ○ Compiling /shop ...
 ✓ Compiled /shop in 3.2s (1471 modules)
 GET /shop?filter=discounted 200 in 7940ms
