
> ebikas-place@1.0.0 dev
> next dev

   ▲ Next.js 15.5.19
   - Local:        http://localhost:3000
   - Network:      http://192.168.137.1:3000
   - Environments: .env.local

 ✓ Starting...
 ○ Compiling /instrumentation ...
 ✓ Compiled /instrumentation in 5.1s (24 modules)
 ✓ Ready in 16.2s
 ○ Compiling /middleware ...
 ✓ Compiled /middleware in 3.4s (259 modules)
 ○ Compiling / ...
 ✓ Compiled / in 21.2s (1561 modules)
Attention: Clerk collects telemetry data from its SDKs when connected to development instances.
The data collected is used to inform Clerk's product roadmap.
To learn more, including how to opt-out from the telemetry program, visit: https://clerk.com/docs/telemetry.

 GET / 200 in 14824ms
Clerk: Refreshing the session token resulted in an infinite redirect loop. This usually means that your Clerk instance keys do not match - make sure to copy the correct publishable and secret keys from the Clerk dashboard.
 GET / 200 in 1150ms
 ○ Compiling /icon.png ...
 ✓ Compiled /icon.png in 1415ms (1066 modules)
 GET /icon.png?7be79725175081fd 200 in 2382ms
 GET / 200 in 15566ms
 GET /icon.png?7be79725175081fd 200 in 498ms
 GET / 200 in 765ms
 GET /icon.png?7be79725175081fd 200 in 195ms
 ✓ Compiled in 1238ms (1553 modules)
 GET / 200 in 1398ms
 GET / 200 in 20502ms
 GET /icon.png?7be79725175081fd 200 in 446ms
